#! /usr/bin/vvp
:ivl_version "11.0 (stable)";
:ivl_delay_selection "TYPICAL";
:vpi_time_precision - 12;
:vpi_module "/usr/lib/x86_64-linux-gnu/ivl/system.vpi";
:vpi_module "/usr/lib/x86_64-linux-gnu/ivl/vhdl_sys.vpi";
:vpi_module "/usr/lib/x86_64-linux-gnu/ivl/vhdl_textio.vpi";
:vpi_module "/usr/lib/x86_64-linux-gnu/ivl/v2005_math.vpi";
:vpi_module "/usr/lib/x86_64-linux-gnu/ivl/va_math.vpi";
S_0x61899a3c19a0 .scope module, "tb_top" "tb_top" 2 2;
 .timescale -9 -12;
v0x61899a3e9790_0 .var "clk", 0 0;
v0x61899a3e9830_0 .var "reset", 0 0;
S_0x61899a3c1270 .scope module, "uut" "top" 2 5, 3 1 0, S_0x61899a3c19a0;
 .timescale -9 -12;
    .port_info 0 /INPUT 1 "clk";
    .port_info 1 /INPUT 1 "reset";
v0x61899a3e8f80_0 .net "ALUControlD", 2 0, v0x61899a3bce80_0;  1 drivers
v0x61899a3e9020_0 .net "ALUSrcD", 0 0, L_0x61899a3e9af0;  1 drivers
v0x61899a3e90c0_0 .net "BranchD", 0 0, L_0x61899a3e99f0;  1 drivers
v0x61899a3e9160_0 .net "ImmSrcD", 2 0, v0x61899a3b1000_0;  1 drivers
v0x61899a3e9200_0 .net "InstrD", 31 0, v0x61899a3de0e0_0;  1 drivers
v0x61899a3e9340_0 .net "JumpD", 0 0, L_0x61899a3b0ee0;  1 drivers
v0x61899a3e93e0_0 .net "MemWriteD", 0 0, L_0x61899a3a6320;  1 drivers
v0x61899a3e9480_0 .net "RegWriteD", 0 0, L_0x61899a3bcd60;  1 drivers
v0x61899a3e9520_0 .net "ResultSrcD", 1 0, L_0x61899a3e9bf0;  1 drivers
v0x61899a3e9650_0 .net "clk", 0 0, v0x61899a3e9790_0;  1 drivers
v0x61899a3e96f0_0 .net "reset", 0 0, v0x61899a3e9830_0;  1 drivers
L_0x61899a3e9d30 .part v0x61899a3de0e0_0, 0, 7;
L_0x61899a3e9dd0 .part v0x61899a3de0e0_0, 12, 3;
L_0x61899a3e9f00 .part v0x61899a3de0e0_0, 30, 1;
S_0x61899a3c15f0 .scope module, "c_unit" "control_unit" 3 9, 4 1 0, S_0x61899a3c1270;
 .timescale -9 -12;
    .port_info 0 /INPUT 7 "op";
    .port_info 1 /INPUT 3 "funct3";
    .port_info 2 /INPUT 1 "funct7_5";
    .port_info 3 /OUTPUT 1 "RegWriteD";
    .port_info 4 /OUTPUT 1 "MemWriteD";
    .port_info 5 /OUTPUT 1 "JumpD";
    .port_info 6 /OUTPUT 1 "BranchD";
    .port_info 7 /OUTPUT 1 "ALUSrcD";
    .port_info 8 /OUTPUT 2 "ResultSrcD";
    .port_info 9 /OUTPUT 3 "ALUControlD";
    .port_info 10 /OUTPUT 3 "ImmSrcD";
L_0x61899a3bcd60 .functor BUFZ 1, v0x61899a3d47c0_0, C4<0>, C4<0>, C4<0>;
L_0x61899a3a6320 .functor BUFZ 1, v0x61899a3d4700_0, C4<0>, C4<0>, C4<0>;
L_0x61899a3b0ee0 .functor BUFZ 1, v0x61899a3d4640_0, C4<0>, C4<0>, C4<0>;
L_0x61899a3e99f0 .functor BUFZ 1, v0x61899a3d4580_0, C4<0>, C4<0>, C4<0>;
L_0x61899a3e9af0 .functor BUFZ 1, v0x61899a353d40_0, C4<0>, C4<0>, C4<0>;
L_0x61899a3e9bf0 .functor BUFZ 2, v0x61899a3d4880_0, C4<00>, C4<00>, C4<00>;
v0x61899a3bce80_0 .var "ALUControlD", 2 0;
v0x61899a3bcf20_0 .var "ALUOp", 1 0;
v0x61899a3a6440_0 .net "ALUSrcD", 0 0, L_0x61899a3e9af0;  alias, 1 drivers
v0x61899a3a6510_0 .net "BranchD", 0 0, L_0x61899a3e99f0;  alias, 1 drivers
v0x61899a3b1000_0 .var "ImmSrcD", 2 0;
v0x61899a3b1100_0 .net "JumpD", 0 0, L_0x61899a3b0ee0;  alias, 1 drivers
v0x61899a353d40_0 .var "Main_ALUSrc", 0 0;
v0x61899a3d4580_0 .var "Main_Branch", 0 0;
v0x61899a3d4640_0 .var "Main_Jump", 0 0;
v0x61899a3d4700_0 .var "Main_MemWrite", 0 0;
v0x61899a3d47c0_0 .var "Main_RegWrite", 0 0;
v0x61899a3d4880_0 .var "Main_ResultSrc", 1 0;
v0x61899a3d4960_0 .net "MemWriteD", 0 0, L_0x61899a3a6320;  alias, 1 drivers
v0x61899a3d4a20_0 .net "RegWriteD", 0 0, L_0x61899a3bcd60;  alias, 1 drivers
v0x61899a3d4ae0_0 .net "ResultSrcD", 1 0, L_0x61899a3e9bf0;  alias, 1 drivers
v0x61899a3d4bc0_0 .net "funct3", 2 0, L_0x61899a3e9dd0;  1 drivers
v0x61899a3d4ca0_0 .net "funct7_5", 0 0, L_0x61899a3e9f00;  1 drivers
v0x61899a3d4d60_0 .net "op", 6 0, L_0x61899a3e9d30;  1 drivers
E_0x61899a3267c0 .event edge, v0x61899a3bcf20_0, v0x61899a3d4bc0_0, v0x61899a3d4d60_0, v0x61899a3d4ca0_0;
E_0x61899a326ad0 .event edge, v0x61899a3d4d60_0;
S_0x61899a3d4fa0 .scope module, "d_path" "datapath" 3 16, 5 1 0, S_0x61899a3c1270;
 .timescale -9 -12;
    .port_info 0 /INPUT 1 "clk";
    .port_info 1 /INPUT 1 "reset";
    .port_info 2 /INPUT 1 "RegWriteD";
    .port_info 3 /INPUT 1 "MemWriteD";
    .port_info 4 /INPUT 1 "JumpD";
    .port_info 5 /INPUT 1 "BranchD";
    .port_info 6 /INPUT 1 "ALUSrcD";
    .port_info 7 /INPUT 2 "ResultSrcD";
    .port_info 8 /INPUT 3 "ALUControlD";
    .port_info 9 /INPUT 3 "ImmSrcD";
    .port_info 10 /OUTPUT 32 "InstrD";
L_0x61899a3ea0d0 .functor NOT 1, L_0x61899a3fd140, C4<0>, C4<0>, C4<0>;
L_0x61899a3fa440 .functor NOT 1, L_0x61899a3fd200, C4<0>, C4<0>, C4<0>;
L_0x61899a3fbed0 .functor AND 1, v0x61899a3dbec0_0, L_0x61899a3fbcf0, C4<1>, C4<1>;
L_0x61899a3fbfd0 .functor OR 1, v0x61899a3dc1d0_0, L_0x61899a3fbed0, C4<0>, C4<0>;
v0x61899a3e4bd0_0 .net "ALUControlD", 2 0, v0x61899a3bce80_0;  alias, 1 drivers
v0x61899a3e4d00_0 .net "ALUControlE", 2 0, v0x61899a3dbb60_0;  1 drivers
v0x61899a3e4e10_0 .net "ALUResultE", 31 0, v0x61899a3d54f0_0;  1 drivers
v0x61899a3e4f00_0 .net "ALUResultM", 31 0, v0x61899a3d6ae0_0;  1 drivers
v0x61899a3e4fc0_0 .net "ALUResultW", 31 0, v0x61899a3df6a0_0;  1 drivers
v0x61899a3e5120_0 .net "ALUSrcD", 0 0, L_0x61899a3e9af0;  alias, 1 drivers
v0x61899a3e5210_0 .net "ALUSrcE", 0 0, v0x61899a3dbd30_0;  1 drivers
v0x61899a3e5300_0 .net "BranchD", 0 0, L_0x61899a3e99f0;  alias, 1 drivers
v0x61899a3e53f0_0 .net "BranchE", 0 0, v0x61899a3dbec0_0;  1 drivers
v0x61899a3e5490_0 .net "FlushD", 0 0, L_0x61899a3fd270;  1 drivers
v0x61899a3e5530_0 .net "FlushE", 0 0, L_0x61899a3fd2e0;  1 drivers
v0x61899a3e5620_0 .net "ForwardAE", 1 0, v0x61899a3d9ff0_0;  1 drivers
v0x61899a3e5710_0 .net "ForwardBE", 1 0, v0x61899a3da0c0_0;  1 drivers
v0x61899a3e5820_0 .net "ImmExtD", 31 0, v0x61899a3d6780_0;  1 drivers
v0x61899a3e5930_0 .net "ImmExtE", 31 0, v0x61899a3dc030_0;  1 drivers
v0x61899a3e5a80_0 .net "ImmExtM", 31 0, v0x61899a3d6c20_0;  1 drivers
v0x61899a3e5b40_0 .net "ImmExtW", 31 0, v0x61899a3df850_0;  1 drivers
v0x61899a3e5d60_0 .net "ImmSrcD", 2 0, v0x61899a3b1000_0;  alias, 1 drivers
v0x61899a3e5e70_0 .net "InstrD", 31 0, v0x61899a3de0e0_0;  alias, 1 drivers
v0x61899a3e5f30_0 .net "InstrF", 31 0, L_0x61899a3ea1e0;  1 drivers
v0x61899a3e6020_0 .net "JumpD", 0 0, L_0x61899a3b0ee0;  alias, 1 drivers
v0x61899a3e6110_0 .net "JumpE", 0 0, v0x61899a3dc1d0_0;  1 drivers
v0x61899a3e61b0_0 .net "MemWriteD", 0 0, L_0x61899a3a6320;  alias, 1 drivers
v0x61899a3e62a0_0 .net "MemWriteE", 0 0, v0x61899a3dc340_0;  1 drivers
v0x61899a3e6390_0 .net "MemWriteM", 0 0, v0x61899a3d6e10_0;  1 drivers
v0x61899a3e6480_0 .net "PCD", 31 0, v0x61899a3de1a0_0;  1 drivers
v0x61899a3e6570_0 .net "PCE", 31 0, v0x61899a3dc4b0_0;  1 drivers
v0x61899a3e6680_0 .net "PCF", 31 0, v0x61899a3e19a0_0;  1 drivers
v0x61899a3e6740_0 .net "PCNextF", 31 0, L_0x61899a3e9fa0;  1 drivers
v0x61899a3e6800_0 .net "PCPlus4D", 31 0, v0x61899a3de260_0;  1 drivers
v0x61899a3e6910_0 .net "PCPlus4E", 31 0, v0x61899a3dc630_0;  1 drivers
v0x61899a3e6a20_0 .net "PCPlus4F", 31 0, L_0x61899a3ea140;  1 drivers
v0x61899a3e6ae0_0 .net "PCPlus4M", 31 0, v0x61899a3d6f70_0;  1 drivers
v0x61899a3e6e00_0 .net "PCPlus4W", 31 0, v0x61899a3df9d0_0;  1 drivers
v0x61899a3e6f10_0 .net "PCSrcE", 0 0, L_0x61899a3fbfd0;  1 drivers
v0x61899a3e7000_0 .net "PCTargetE", 31 0, L_0x61899a3fbe30;  1 drivers
v0x61899a3e7110_0 .net "RD1D", 31 0, L_0x61899a3fa780;  1 drivers
v0x61899a3e7220_0 .net "RD1E", 31 0, v0x61899a3dc8f0_0;  1 drivers
v0x61899a3e7330_0 .net "RD2D", 31 0, L_0x61899a3fac70;  1 drivers
v0x61899a3e7440_0 .net "RD2E", 31 0, v0x61899a3dcaa0_0;  1 drivers
v0x61899a3e7550_0 .net "RdE", 4 0, v0x61899a3dcc50_0;  1 drivers
v0x61899a3e7610_0 .net "RdM", 4 0, v0x61899a3d7130_0;  1 drivers
v0x61899a3e76d0_0 .net "RdW", 4 0, v0x61899a3dfba0_0;  1 drivers
v0x61899a3e7790_0 .net "ReadDataM", 31 0, L_0x61899a3fc500;  1 drivers
v0x61899a3e78a0_0 .net "ReadDataW", 31 0, v0x61899a3dfdc0_0;  1 drivers
v0x61899a3e79b0_0 .net "RegWriteD", 0 0, L_0x61899a3bcd60;  alias, 1 drivers
v0x61899a3e7aa0_0 .net "RegWriteE", 0 0, v0x61899a3dcdb0_0;  1 drivers
v0x61899a3e7b90_0 .net "RegWriteM", 0 0, v0x61899a3d72d0_0;  1 drivers
v0x61899a3e7c30_0 .net "RegWriteW", 0 0, v0x61899a3dff20_0;  1 drivers
v0x61899a3e7cd0_0 .net "ResultSrcD", 1 0, L_0x61899a3e9bf0;  alias, 1 drivers
v0x61899a3e7de0_0 .net "ResultSrcE", 1 0, v0x61899a3dcf50_0;  1 drivers
v0x61899a3e7ea0_0 .net "ResultSrcM", 1 0, v0x61899a3d7470_0;  1 drivers
v0x61899a3e7fb0_0 .net "ResultSrcW", 1 0, v0x61899a3e0090_0;  1 drivers
v0x61899a3e80c0_0 .net "ResultW", 31 0, L_0x61899a3fcb80;  1 drivers
v0x61899a3e8210_0 .net "Rs1E", 4 0, v0x61899a3dd100_0;  1 drivers
v0x61899a3e82d0_0 .net "Rs2E", 4 0, v0x61899a3dd280_0;  1 drivers
v0x61899a3e83e0_0 .net "SrcAE", 31 0, L_0x61899a3fb620;  1 drivers
v0x61899a3e84f0_0 .net "SrcBE", 31 0, L_0x61899a3fbc50;  1 drivers
v0x61899a3e8600_0 .net "StallD", 0 0, L_0x61899a3fd200;  1 drivers
v0x61899a3e86a0_0 .net "StallF", 0 0, L_0x61899a3fd140;  1 drivers
v0x61899a3e8740_0 .net "WriteDataE", 31 0, L_0x61899a3fbaa0;  1 drivers
v0x61899a3e87e0_0 .net "WriteDataM", 31 0, v0x61899a3d7630_0;  1 drivers
v0x61899a3e88d0_0 .net "ZeroE", 0 0, L_0x61899a3fbcf0;  1 drivers
v0x61899a3e8970_0 .net *"_ivl_18", 0 0, L_0x61899a3fbed0;  1 drivers
v0x61899a3e8a30_0 .net "clk", 0 0, v0x61899a3e9790_0;  alias, 1 drivers
v0x61899a3e8ee0_0 .net "reset", 0 0, v0x61899a3e9830_0;  alias, 1 drivers
L_0x61899a3fae50 .part v0x61899a3de0e0_0, 15, 5;
L_0x61899a3faef0 .part v0x61899a3de0e0_0, 20, 5;
L_0x61899a3faf90 .part v0x61899a3de0e0_0, 7, 25;
L_0x61899a3fb140 .part v0x61899a3de0e0_0, 15, 5;
L_0x61899a3fb1e0 .part v0x61899a3de0e0_0, 20, 5;
L_0x61899a3fb280 .part v0x61899a3de0e0_0, 7, 5;
L_0x61899a3fd420 .part v0x61899a3de0e0_0, 15, 5;
L_0x61899a3fd4c0 .part v0x61899a3de0e0_0, 20, 5;
S_0x61899a3d5150 .scope module, "alu" "alu" 5 71, 6 1 0, S_0x61899a3d4fa0;
 .timescale -9 -12;
    .port_info 0 /INPUT 32 "SrcA";
    .port_info 1 /INPUT 32 "SrcB";
    .port_info 2 /INPUT 3 "ALUControl";
    .port_info 3 /OUTPUT 32 "ALUResult";
    .port_info 4 /OUTPUT 1 "Zero";
v0x61899a3d53f0_0 .net "ALUControl", 2 0, v0x61899a3dbb60_0;  alias, 1 drivers
v0x61899a3d54f0_0 .var "ALUResult", 31 0;
v0x61899a3d55d0_0 .net "SrcA", 31 0, L_0x61899a3fb620;  alias, 1 drivers
v0x61899a3d5690_0 .net "SrcB", 31 0, L_0x61899a3fbc50;  alias, 1 drivers
v0x61899a3d5770_0 .net "Zero", 0 0, L_0x61899a3fbcf0;  alias, 1 drivers
L_0x7a7688786378 .functor BUFT 1, C4<00000000000000000000000000000000>, C4<0>, C4<0>, C4<0>;
v0x61899a3d5880_0 .net/2u *"_ivl_0", 31 0, L_0x7a7688786378;  1 drivers
E_0x61899a326f20 .event edge, v0x61899a3d53f0_0, v0x61899a3d55d0_0, v0x61899a3d5690_0;
L_0x61899a3fbcf0 .cmp/eq 32, v0x61899a3d54f0_0, L_0x7a7688786378;
S_0x61899a3d5a00 .scope module, "dmem" "dmem" 5 92, 7 1 0, S_0x61899a3d4fa0;
 .timescale -9 -12;
    .port_info 0 /INPUT 1 "clk";
    .port_info 1 /INPUT 1 "WE";
    .port_info 2 /INPUT 32 "A";
    .port_info 3 /INPUT 32 "WD";
    .port_info 4 /OUTPUT 32 "RD";
L_0x61899a3fc500 .functor BUFZ 32, L_0x61899a3fc120, C4<00000000000000000000000000000000>, C4<00000000000000000000000000000000>, C4<00000000000000000000000000000000>;
v0x61899a3d5ca0_0 .net "A", 31 0, v0x61899a3d6ae0_0;  alias, 1 drivers
v0x61899a3d5da0 .array "RAM", 0 63, 31 0;
v0x61899a3d5e60_0 .net "RD", 31 0, L_0x61899a3fc500;  alias, 1 drivers
v0x61899a3d5f20_0 .net "WD", 31 0, v0x61899a3d7630_0;  alias, 1 drivers
v0x61899a3d6000_0 .net "WE", 0 0, v0x61899a3d6e10_0;  alias, 1 drivers
v0x61899a3d6110_0 .net *"_ivl_0", 31 0, L_0x61899a3fc120;  1 drivers
v0x61899a3d61f0_0 .net *"_ivl_3", 5 0, L_0x61899a3fc1c0;  1 drivers
v0x61899a3d62d0_0 .net *"_ivl_4", 7 0, L_0x61899a3fc370;  1 drivers
L_0x7a76887863c0 .functor BUFT 1, C4<00>, C4<0>, C4<0>, C4<0>;
v0x61899a3d63b0_0 .net *"_ivl_7", 1 0, L_0x7a76887863c0;  1 drivers
v0x61899a3d6490_0 .net "clk", 0 0, v0x61899a3e9790_0;  alias, 1 drivers
E_0x61899a30fb30 .event posedge, v0x61899a3d6490_0;
L_0x61899a3fc120 .array/port v0x61899a3d5da0, L_0x61899a3fc370;
L_0x61899a3fc1c0 .part v0x61899a3d6ae0_0, 2, 6;
L_0x61899a3fc370 .concat [ 6 2 0 0], L_0x61899a3fc1c0, L_0x7a76887863c0;
S_0x61899a3d65f0 .scope module, "exmem" "ex_mem_reg" 5 83, 8 1 0, S_0x61899a3d4fa0;
 .timescale -9 -12;
    .port_info 0 /INPUT 1 "clk";
    .port_info 1 /INPUT 1 "reset";
    .port_info 2 /INPUT 1 "RegWriteE";
    .port_info 3 /INPUT 1 "MemWriteE";
    .port_info 4 /INPUT 2 "ResultSrcE";
    .port_info 5 /INPUT 32 "ALUResultE";
    .port_info 6 /INPUT 32 "WriteDataE";
    .port_info 7 /INPUT 32 "ImmExtE";
    .port_info 8 /INPUT 32 "PCPlus4E";
    .port_info 9 /INPUT 5 "RdE";
    .port_info 10 /OUTPUT 1 "RegWriteM";
    .port_info 11 /OUTPUT 1 "MemWriteM";
    .port_info 12 /OUTPUT 2 "ResultSrcM";
    .port_info 13 /OUTPUT 32 "ALUResultM";
    .port_info 14 /OUTPUT 32 "WriteDataM";
    .port_info 15 /OUTPUT 32 "ImmExtM";
    .port_info 16 /OUTPUT 32 "PCPlus4M";
    .port_info 17 /OUTPUT 5 "RdM";
v0x61899a3d6a00_0 .net "ALUResultE", 31 0, v0x61899a3d54f0_0;  alias, 1 drivers
v0x61899a3d6ae0_0 .var "ALUResultM", 31 0;
v0x61899a3d6b80_0 .net "ImmExtE", 31 0, v0x61899a3dc030_0;  alias, 1 drivers
v0x61899a3d6c20_0 .var "ImmExtM", 31 0;
v0x61899a3d6d00_0 .net "MemWriteE", 0 0, v0x61899a3dc340_0;  alias, 1 drivers
v0x61899a3d6e10_0 .var "MemWriteM", 0 0;
v0x61899a3d6eb0_0 .net "PCPlus4E", 31 0, v0x61899a3dc630_0;  alias, 1 drivers
v0x61899a3d6f70_0 .var "PCPlus4M", 31 0;
v0x61899a3d7050_0 .net "RdE", 4 0, v0x61899a3dcc50_0;  alias, 1 drivers
v0x61899a3d7130_0 .var "RdM", 4 0;
v0x61899a3d7210_0 .net "RegWriteE", 0 0, v0x61899a3dcdb0_0;  alias, 1 drivers
v0x61899a3d72d0_0 .var "RegWriteM", 0 0;
v0x61899a3d7390_0 .net "ResultSrcE", 1 0, v0x61899a3dcf50_0;  alias, 1 drivers
v0x61899a3d7470_0 .var "ResultSrcM", 1 0;
v0x61899a3d7550_0 .net "WriteDataE", 31 0, L_0x61899a3fbaa0;  alias, 1 drivers
v0x61899a3d7630_0 .var "WriteDataM", 31 0;
v0x61899a3d76f0_0 .net "clk", 0 0, v0x61899a3e9790_0;  alias, 1 drivers
v0x61899a3d78d0_0 .net "reset", 0 0, v0x61899a3e9830_0;  alias, 1 drivers
E_0x61899a3c5100 .event posedge, v0x61899a3d78d0_0, v0x61899a3d6490_0;
S_0x61899a3d7c30 .scope module, "ext" "extend" 5 41, 9 1 0, S_0x61899a3d4fa0;
 .timescale -9 -12;
    .port_info 0 /INPUT 25 "Instr";
    .port_info 1 /INPUT 3 "ImmSrc";
    .port_info 2 /OUTPUT 32 "ImmExt";
v0x61899a3d6780_0 .var "ImmExt", 31 0;
v0x61899a3d7f10_0 .net "ImmSrc", 2 0, v0x61899a3b1000_0;  alias, 1 drivers
v0x61899a3d8000_0 .net "Instr", 31 7, L_0x61899a3faf90;  1 drivers
E_0x61899a3d7e30 .event edge, v0x61899a3b1000_0, v0x61899a3d8000_0;
S_0x61899a3d8150 .scope module, "fa_mux" "mux3" 5 67, 10 1 0, S_0x61899a3d4fa0;
 .timescale -9 -12;
    .port_info 0 /INPUT 32 "d0";
    .port_info 1 /INPUT 32 "d1";
    .port_info 2 /INPUT 32 "d2";
    .port_info 3 /INPUT 2 "s";
    .port_info 4 /OUTPUT 32 "y";
P_0x61899a3d8380 .param/l "WIDTH" 0 10 1, +C4<00000000000000000000000000100000>;
L_0x7a7688786258 .functor BUFT 1, C4<00>, C4<0>, C4<0>, C4<0>;
v0x61899a3d84d0_0 .net/2u *"_ivl_0", 1 0, L_0x7a7688786258;  1 drivers
v0x61899a3d85b0_0 .net *"_ivl_2", 0 0, L_0x61899a3fb360;  1 drivers
L_0x7a76887862a0 .functor BUFT 1, C4<01>, C4<0>, C4<0>, C4<0>;
v0x61899a3d8670_0 .net/2u *"_ivl_4", 1 0, L_0x7a76887862a0;  1 drivers
v0x61899a3d8760_0 .net *"_ivl_6", 0 0, L_0x61899a3fb400;  1 drivers
v0x61899a3d8820_0 .net *"_ivl_8", 31 0, L_0x61899a3fb530;  1 drivers
v0x61899a3d8950_0 .net "d0", 31 0, v0x61899a3dc8f0_0;  alias, 1 drivers
v0x61899a3d8a30_0 .net "d1", 31 0, L_0x61899a3fcb80;  alias, 1 drivers
v0x61899a3d8b10_0 .net "d2", 31 0, v0x61899a3d6ae0_0;  alias, 1 drivers
v0x61899a3d8c20_0 .net "s", 1 0, v0x61899a3d9ff0_0;  alias, 1 drivers
v0x61899a3d8d00_0 .net "y", 31 0, L_0x61899a3fb620;  alias, 1 drivers
L_0x61899a3fb360 .cmp/eq 2, v0x61899a3d9ff0_0, L_0x7a7688786258;
L_0x61899a3fb400 .cmp/eq 2, v0x61899a3d9ff0_0, L_0x7a76887862a0;
L_0x61899a3fb530 .functor MUXZ 32, v0x61899a3d6ae0_0, L_0x61899a3fcb80, L_0x61899a3fb400, C4<>;
L_0x61899a3fb620 .functor MUXZ 32, L_0x61899a3fb530, v0x61899a3dc8f0_0, L_0x61899a3fb360, C4<>;
S_0x61899a3d8e40 .scope module, "fb_mux" "mux3" 5 68, 10 1 0, S_0x61899a3d4fa0;
 .timescale -9 -12;
    .port_info 0 /INPUT 32 "d0";
    .port_info 1 /INPUT 32 "d1";
    .port_info 2 /INPUT 32 "d2";
    .port_info 3 /INPUT 2 "s";
    .port_info 4 /OUTPUT 32 "y";
P_0x61899a3d8fd0 .param/l "WIDTH" 0 10 1, +C4<00000000000000000000000000100000>;
L_0x7a76887862e8 .functor BUFT 1, C4<00>, C4<0>, C4<0>, C4<0>;
v0x61899a3d9120_0 .net/2u *"_ivl_0", 1 0, L_0x7a76887862e8;  1 drivers
v0x61899a3d9220_0 .net *"_ivl_2", 0 0, L_0x61899a3fb790;  1 drivers
L_0x7a7688786330 .functor BUFT 1, C4<01>, C4<0>, C4<0>, C4<0>;
v0x61899a3d92e0_0 .net/2u *"_ivl_4", 1 0, L_0x7a7688786330;  1 drivers
v0x61899a3d93d0_0 .net *"_ivl_6", 0 0, L_0x61899a3fb880;  1 drivers
v0x61899a3d9490_0 .net *"_ivl_8", 31 0, L_0x61899a3fb9b0;  1 drivers
v0x61899a3d95c0_0 .net "d0", 31 0, v0x61899a3dcaa0_0;  alias, 1 drivers
v0x61899a3d96a0_0 .net "d1", 31 0, L_0x61899a3fcb80;  alias, 1 drivers
v0x61899a3d9760_0 .net "d2", 31 0, v0x61899a3d6ae0_0;  alias, 1 drivers
v0x61899a3d9800_0 .net "s", 1 0, v0x61899a3da0c0_0;  alias, 1 drivers
v0x61899a3d98e0_0 .net "y", 31 0, L_0x61899a3fbaa0;  alias, 1 drivers
L_0x61899a3fb790 .cmp/eq 2, v0x61899a3da0c0_0, L_0x7a76887862e8;
L_0x61899a3fb880 .cmp/eq 2, v0x61899a3da0c0_0, L_0x7a7688786330;
L_0x61899a3fb9b0 .functor MUXZ 32, v0x61899a3d6ae0_0, L_0x61899a3fcb80, L_0x61899a3fb880, C4<>;
L_0x61899a3fbaa0 .functor MUXZ 32, L_0x61899a3fb9b0, v0x61899a3dcaa0_0, L_0x61899a3fb790, C4<>;
S_0x61899a3d9a80 .scope module, "hu" "hazard_unit" 5 109, 11 1 0, S_0x61899a3d4fa0;
 .timescale -9 -12;
    .port_info 0 /INPUT 5 "Rs1D";
    .port_info 1 /INPUT 5 "Rs2D";
    .port_info 2 /INPUT 5 "Rs1E";
    .port_info 3 /INPUT 5 "Rs2E";
    .port_info 4 /INPUT 5 "RdE";
    .port_info 5 /INPUT 5 "RdM";
    .port_info 6 /INPUT 5 "RdW";
    .port_info 7 /INPUT 1 "RegWriteM";
    .port_info 8 /INPUT 1 "RegWriteW";
    .port_info 9 /INPUT 1 "PCSrcE";
    .port_info 10 /INPUT 2 "ResultSrcE";
    .port_info 11 /OUTPUT 1 "StallF";
    .port_info 12 /OUTPUT 1 "StallD";
    .port_info 13 /OUTPUT 1 "FlushD";
    .port_info 14 /OUTPUT 1 "FlushE";
    .port_info 15 /OUTPUT 2 "ForwardAE";
    .port_info 16 /OUTPUT 2 "ForwardBE";
L_0x61899a3fcf70 .functor OR 1, L_0x61899a3fcda0, L_0x61899a3fced0, C4<0>, C4<0>;
L_0x61899a3fd030 .functor AND 1, L_0x61899a3fcd00, L_0x61899a3fcf70, C4<1>, C4<1>;
L_0x61899a3fd140 .functor BUFZ 1, L_0x61899a3fd030, C4<0>, C4<0>, C4<0>;
L_0x61899a3fd200 .functor BUFZ 1, L_0x61899a3fd030, C4<0>, C4<0>, C4<0>;
L_0x61899a3fd270 .functor BUFZ 1, L_0x61899a3fbfd0, C4<0>, C4<0>, C4<0>;
L_0x61899a3fd2e0 .functor OR 1, L_0x61899a3fd030, L_0x61899a3fbfd0, C4<0>, C4<0>;
v0x61899a3d9e50_0 .net "FlushD", 0 0, L_0x61899a3fd270;  alias, 1 drivers
v0x61899a3d9f30_0 .net "FlushE", 0 0, L_0x61899a3fd2e0;  alias, 1 drivers
v0x61899a3d9ff0_0 .var "ForwardAE", 1 0;
v0x61899a3da0c0_0 .var "ForwardBE", 1 0;
v0x61899a3da190_0 .net "PCSrcE", 0 0, L_0x61899a3fbfd0;  alias, 1 drivers
v0x61899a3da280_0 .net "RdE", 4 0, v0x61899a3dcc50_0;  alias, 1 drivers
v0x61899a3da340_0 .net "RdM", 4 0, v0x61899a3d7130_0;  alias, 1 drivers
v0x61899a3da410_0 .net "RdW", 4 0, v0x61899a3dfba0_0;  alias, 1 drivers
v0x61899a3da4d0_0 .net "RegWriteM", 0 0, v0x61899a3d72d0_0;  alias, 1 drivers
v0x61899a3da630_0 .net "RegWriteW", 0 0, v0x61899a3dff20_0;  alias, 1 drivers
v0x61899a3da6d0_0 .net "ResultSrcE", 1 0, v0x61899a3dcf50_0;  alias, 1 drivers
v0x61899a3da7c0_0 .net "Rs1D", 4 0, L_0x61899a3fd420;  1 drivers
v0x61899a3da880_0 .net "Rs1E", 4 0, v0x61899a3dd100_0;  alias, 1 drivers
v0x61899a3da960_0 .net "Rs2D", 4 0, L_0x61899a3fd4c0;  1 drivers
v0x61899a3daa40_0 .net "Rs2E", 4 0, v0x61899a3dd280_0;  alias, 1 drivers
v0x61899a3dab20_0 .net "StallD", 0 0, L_0x61899a3fd200;  alias, 1 drivers
v0x61899a3dabe0_0 .net "StallF", 0 0, L_0x61899a3fd140;  alias, 1 drivers
L_0x7a76887864e0 .functor BUFT 1, C4<01>, C4<0>, C4<0>, C4<0>;
v0x61899a3dadb0_0 .net/2u *"_ivl_0", 1 0, L_0x7a76887864e0;  1 drivers
v0x61899a3dae90_0 .net *"_ivl_2", 0 0, L_0x61899a3fcd00;  1 drivers
v0x61899a3daf50_0 .net *"_ivl_4", 0 0, L_0x61899a3fcda0;  1 drivers
v0x61899a3db010_0 .net *"_ivl_6", 0 0, L_0x61899a3fced0;  1 drivers
v0x61899a3db0d0_0 .net *"_ivl_8", 0 0, L_0x61899a3fcf70;  1 drivers
v0x61899a3db1b0_0 .net "lwStall", 0 0, L_0x61899a3fd030;  1 drivers
E_0x61899a3d9db0/0 .event edge, v0x61899a3da880_0, v0x61899a3d7130_0, v0x61899a3d72d0_0, v0x61899a3da410_0;
E_0x61899a3d9db0/1 .event edge, v0x61899a3da630_0, v0x61899a3daa40_0;
E_0x61899a3d9db0 .event/or E_0x61899a3d9db0/0, E_0x61899a3d9db0/1;
L_0x61899a3fcd00 .cmp/eq 2, v0x61899a3dcf50_0, L_0x7a76887864e0;
L_0x61899a3fcda0 .cmp/eq 5, L_0x61899a3fd420, v0x61899a3dcc50_0;
L_0x61899a3fced0 .cmp/eq 5, L_0x61899a3fd4c0, v0x61899a3dcc50_0;
S_0x61899a3db490 .scope module, "idex" "id_ex_reg" 5 50, 12 1 0, S_0x61899a3d4fa0;
 .timescale -9 -12;
    .port_info 0 /INPUT 1 "clk";
    .port_info 1 /INPUT 1 "reset";
    .port_info 2 /INPUT 1 "clear";
    .port_info 3 /INPUT 1 "RegWriteD";
    .port_info 4 /INPUT 1 "MemWriteD";
    .port_info 5 /INPUT 1 "JumpD";
    .port_info 6 /INPUT 1 "BranchD";
    .port_info 7 /INPUT 1 "ALUSrcD";
    .port_info 8 /INPUT 2 "ResultSrcD";
    .port_info 9 /INPUT 3 "ALUControlD";
    .port_info 10 /INPUT 32 "RD1";
    .port_info 11 /INPUT 32 "RD2";
    .port_info 12 /INPUT 32 "PCD";
    .port_info 13 /INPUT 32 "ImmExtD";
    .port_info 14 /INPUT 32 "PCPlus4D";
    .port_info 15 /INPUT 5 "Rs1D";
    .port_info 16 /INPUT 5 "Rs2D";
    .port_info 17 /INPUT 5 "RdD";
    .port_info 18 /OUTPUT 1 "RegWriteE";
    .port_info 19 /OUTPUT 1 "MemWriteE";
    .port_info 20 /OUTPUT 1 "JumpE";
    .port_info 21 /OUTPUT 1 "BranchE";
    .port_info 22 /OUTPUT 1 "ALUSrcE";
    .port_info 23 /OUTPUT 2 "ResultSrcE";
    .port_info 24 /OUTPUT 3 "ALUControlE";
    .port_info 25 /OUTPUT 32 "RD1E";
    .port_info 26 /OUTPUT 32 "RD2E";
    .port_info 27 /OUTPUT 32 "PCE";
    .port_info 28 /OUTPUT 32 "ImmExtE";
    .port_info 29 /OUTPUT 32 "PCPlus4E";
    .port_info 30 /OUTPUT 5 "Rs1E";
    .port_info 31 /OUTPUT 5 "Rs2E";
    .port_info 32 /OUTPUT 5 "RdE";
v0x61899a3dba50_0 .net "ALUControlD", 2 0, v0x61899a3bce80_0;  alias, 1 drivers
v0x61899a3dbb60_0 .var "ALUControlE", 2 0;
v0x61899a3dbc30_0 .net "ALUSrcD", 0 0, L_0x61899a3e9af0;  alias, 1 drivers
v0x61899a3dbd30_0 .var "ALUSrcE", 0 0;
v0x61899a3dbdd0_0 .net "BranchD", 0 0, L_0x61899a3e99f0;  alias, 1 drivers
v0x61899a3dbec0_0 .var "BranchE", 0 0;
v0x61899a3dbf60_0 .net "ImmExtD", 31 0, v0x61899a3d6780_0;  alias, 1 drivers
v0x61899a3dc030_0 .var "ImmExtE", 31 0;
v0x61899a3dc100_0 .net "JumpD", 0 0, L_0x61899a3b0ee0;  alias, 1 drivers
v0x61899a3dc1d0_0 .var "JumpE", 0 0;
v0x61899a3dc270_0 .net "MemWriteD", 0 0, L_0x61899a3a6320;  alias, 1 drivers
v0x61899a3dc340_0 .var "MemWriteE", 0 0;
v0x61899a3dc410_0 .net "PCD", 31 0, v0x61899a3de1a0_0;  alias, 1 drivers
v0x61899a3dc4b0_0 .var "PCE", 31 0;
v0x61899a3dc550_0 .net "PCPlus4D", 31 0, v0x61899a3de260_0;  alias, 1 drivers
v0x61899a3dc630_0 .var "PCPlus4E", 31 0;
v0x61899a3dc720_0 .net "RD1", 31 0, L_0x61899a3fa780;  alias, 1 drivers
v0x61899a3dc8f0_0 .var "RD1E", 31 0;
v0x61899a3dc9e0_0 .net "RD2", 31 0, L_0x61899a3fac70;  alias, 1 drivers
v0x61899a3dcaa0_0 .var "RD2E", 31 0;
v0x61899a3dcb90_0 .net "RdD", 4 0, L_0x61899a3fb280;  1 drivers
v0x61899a3dcc50_0 .var "RdE", 4 0;
v0x61899a3dcd10_0 .net "RegWriteD", 0 0, L_0x61899a3bcd60;  alias, 1 drivers
v0x61899a3dcdb0_0 .var "RegWriteE", 0 0;
v0x61899a3dce80_0 .net "ResultSrcD", 1 0, L_0x61899a3e9bf0;  alias, 1 drivers
v0x61899a3dcf50_0 .var "ResultSrcE", 1 0;
v0x61899a3dd040_0 .net "Rs1D", 4 0, L_0x61899a3fb140;  1 drivers
v0x61899a3dd100_0 .var "Rs1E", 4 0;
v0x61899a3dd1c0_0 .net "Rs2D", 4 0, L_0x61899a3fb1e0;  1 drivers
v0x61899a3dd280_0 .var "Rs2E", 4 0;
v0x61899a3dd370_0 .net "clear", 0 0, L_0x61899a3fd2e0;  alias, 1 drivers
v0x61899a3dd440_0 .net "clk", 0 0, v0x61899a3e9790_0;  alias, 1 drivers
v0x61899a3dd530_0 .net "reset", 0 0, v0x61899a3e9830_0;  alias, 1 drivers
S_0x61899a3ddba0 .scope module, "ifid" "if_id_reg" 5 29, 13 1 0, S_0x61899a3d4fa0;
 .timescale -9 -12;
    .port_info 0 /INPUT 1 "clk";
    .port_info 1 /INPUT 1 "reset";
    .port_info 2 /INPUT 1 "en";
    .port_info 3 /INPUT 1 "clear";
    .port_info 4 /INPUT 32 "if_PC";
    .port_info 5 /INPUT 32 "if_PCPlus4";
    .port_info 6 /INPUT 32 "if_Instr";
    .port_info 7 /OUTPUT 32 "id_PC";
    .port_info 8 /OUTPUT 32 "id_PCPlus4";
    .port_info 9 /OUTPUT 32 "id_Instr";
v0x61899a3dde80_0 .net "clear", 0 0, L_0x61899a3fd270;  alias, 1 drivers
v0x61899a3ddf70_0 .net "clk", 0 0, v0x61899a3e9790_0;  alias, 1 drivers
v0x61899a3de010_0 .net "en", 0 0, L_0x61899a3fa440;  1 drivers
v0x61899a3de0e0_0 .var "id_Instr", 31 0;
v0x61899a3de1a0_0 .var "id_PC", 31 0;
v0x61899a3de260_0 .var "id_PCPlus4", 31 0;
v0x61899a3de330_0 .net "if_Instr", 31 0, L_0x61899a3ea1e0;  alias, 1 drivers
v0x61899a3de3f0_0 .net "if_PC", 31 0, v0x61899a3e19a0_0;  alias, 1 drivers
v0x61899a3de4d0_0 .net "if_PCPlus4", 31 0, L_0x61899a3ea140;  alias, 1 drivers
v0x61899a3de640_0 .net "reset", 0 0, v0x61899a3e9830_0;  alias, 1 drivers
S_0x61899a3de880 .scope module, "imem" "imem" 5 25, 14 1 0, S_0x61899a3d4fa0;
 .timescale -9 -12;
    .port_info 0 /INPUT 32 "A";
    .port_info 1 /OUTPUT 32 "RD";
L_0x61899a3ea1e0 .functor BUFZ 32, L_0x61899a3fa260, C4<00000000000000000000000000000000>, C4<00000000000000000000000000000000>, C4<00000000000000000000000000000000>;
v0x61899a3deac0_0 .net "A", 31 0, v0x61899a3e19a0_0;  alias, 1 drivers
v0x61899a3deba0 .array "RAM", 0 63, 31 0;
v0x61899a3dec40_0 .net "RD", 31 0, L_0x61899a3ea1e0;  alias, 1 drivers
v0x61899a3ded40_0 .net *"_ivl_0", 31 0, L_0x61899a3fa260;  1 drivers
v0x61899a3dee00_0 .net *"_ivl_3", 5 0, L_0x61899a3fa300;  1 drivers
v0x61899a3def30_0 .net *"_ivl_4", 7 0, L_0x61899a3fa3a0;  1 drivers
L_0x7a7688786060 .functor BUFT 1, C4<00>, C4<0>, C4<0>, C4<0>;
v0x61899a3df010_0 .net *"_ivl_7", 1 0, L_0x7a7688786060;  1 drivers
L_0x61899a3fa260 .array/port v0x61899a3deba0, L_0x61899a3fa3a0;
L_0x61899a3fa300 .part v0x61899a3e19a0_0, 2, 6;
L_0x61899a3fa3a0 .concat [ 6 2 0 0], L_0x61899a3fa300, L_0x7a7688786060;
S_0x61899a3df150 .scope module, "memwb" "mem_wb_reg" 5 98, 15 1 0, S_0x61899a3d4fa0;
 .timescale -9 -12;
    .port_info 0 /INPUT 1 "clk";
    .port_info 1 /INPUT 1 "reset";
    .port_info 2 /INPUT 1 "RegWriteM";
    .port_info 3 /INPUT 2 "ResultSrcM";
    .port_info 4 /INPUT 32 "ALUResultM";
    .port_info 5 /INPUT 32 "ReadDataM";
    .port_info 6 /INPUT 32 "ImmExtM";
    .port_info 7 /INPUT 32 "PCPlus4M";
    .port_info 8 /INPUT 5 "RdM";
    .port_info 9 /OUTPUT 1 "RegWriteW";
    .port_info 10 /OUTPUT 2 "ResultSrcW";
    .port_info 11 /OUTPUT 32 "ALUResultW";
    .port_info 12 /OUTPUT 32 "ReadDataW";
    .port_info 13 /OUTPUT 32 "ImmExtW";
    .port_info 14 /OUTPUT 32 "PCPlus4W";
    .port_info 15 /OUTPUT 5 "RdW";
v0x61899a3df550_0 .net "ALUResultM", 31 0, v0x61899a3d6ae0_0;  alias, 1 drivers
v0x61899a3df6a0_0 .var "ALUResultW", 31 0;
v0x61899a3df780_0 .net "ImmExtM", 31 0, v0x61899a3d6c20_0;  alias, 1 drivers
v0x61899a3df850_0 .var "ImmExtW", 31 0;
v0x61899a3df910_0 .net "PCPlus4M", 31 0, v0x61899a3d6f70_0;  alias, 1 drivers
v0x61899a3df9d0_0 .var "PCPlus4W", 31 0;
v0x61899a3dfa90_0 .net "RdM", 4 0, v0x61899a3d7130_0;  alias, 1 drivers
v0x61899a3dfba0_0 .var "RdW", 4 0;
v0x61899a3dfc60_0 .net "ReadDataM", 31 0, L_0x61899a3fc500;  alias, 1 drivers
v0x61899a3dfdc0_0 .var "ReadDataW", 31 0;
v0x61899a3dfe80_0 .net "RegWriteM", 0 0, v0x61899a3d72d0_0;  alias, 1 drivers
v0x61899a3dff20_0 .var "RegWriteW", 0 0;
v0x61899a3dffc0_0 .net "ResultSrcM", 1 0, v0x61899a3d7470_0;  alias, 1 drivers
v0x61899a3e0090_0 .var "ResultSrcW", 1 0;
v0x61899a3e0150_0 .net "clk", 0 0, v0x61899a3e9790_0;  alias, 1 drivers
v0x61899a3e0280_0 .net "reset", 0 0, v0x61899a3e9830_0;  alias, 1 drivers
S_0x61899a3e05b0 .scope module, "pcadd4" "adder" 5 24, 16 1 0, S_0x61899a3d4fa0;
 .timescale -9 -12;
    .port_info 0 /INPUT 32 "a";
    .port_info 1 /INPUT 32 "b";
    .port_info 2 /OUTPUT 32 "y";
v0x61899a3e07b0_0 .net "a", 31 0, v0x61899a3e19a0_0;  alias, 1 drivers
L_0x7a7688786018 .functor BUFT 1, C4<00000000000000000000000000000100>, C4<0>, C4<0>, C4<0>;
v0x61899a3e08e0_0 .net "b", 31 0, L_0x7a7688786018;  1 drivers
v0x61899a3e09c0_0 .net "y", 31 0, L_0x61899a3ea140;  alias, 1 drivers
L_0x61899a3ea140 .arith/sum 32, v0x61899a3e19a0_0, L_0x7a7688786018;
S_0x61899a3e0af0 .scope module, "pcaddbranch" "adder" 5 72, 16 1 0, S_0x61899a3d4fa0;
 .timescale -9 -12;
    .port_info 0 /INPUT 32 "a";
    .port_info 1 /INPUT 32 "b";
    .port_info 2 /OUTPUT 32 "y";
v0x61899a3e0d20_0 .net "a", 31 0, v0x61899a3dc4b0_0;  alias, 1 drivers
v0x61899a3e0e30_0 .net "b", 31 0, v0x61899a3dc030_0;  alias, 1 drivers
v0x61899a3e0f20_0 .net "y", 31 0, L_0x61899a3fbe30;  alias, 1 drivers
L_0x61899a3fbe30 .arith/sum 32, v0x61899a3dc4b0_0, v0x61899a3dc030_0;
S_0x61899a3e1060 .scope module, "pcmux" "mux2" 5 22, 17 1 0, S_0x61899a3d4fa0;
 .timescale -9 -12;
    .port_info 0 /INPUT 32 "d0";
    .port_info 1 /INPUT 32 "d1";
    .port_info 2 /INPUT 1 "s";
    .port_info 3 /OUTPUT 32 "y";
P_0x61899a3e1240 .param/l "WIDTH" 0 17 1, +C4<00000000000000000000000000100000>;
v0x61899a3e1340_0 .net "d0", 31 0, L_0x61899a3ea140;  alias, 1 drivers
v0x61899a3e1450_0 .net "d1", 31 0, L_0x61899a3fbe30;  alias, 1 drivers
v0x61899a3e1510_0 .net "s", 0 0, L_0x61899a3fbfd0;  alias, 1 drivers
v0x61899a3e1610_0 .net "y", 31 0, L_0x61899a3e9fa0;  alias, 1 drivers
L_0x61899a3e9fa0 .functor MUXZ 32, L_0x61899a3ea140, L_0x61899a3fbe30, L_0x61899a3fbfd0, C4<>;
S_0x61899a3e1740 .scope module, "pcreg" "pc" 5 23, 18 1 0, S_0x61899a3d4fa0;
 .timescale -9 -12;
    .port_info 0 /INPUT 1 "clk";
    .port_info 1 /INPUT 1 "reset";
    .port_info 2 /INPUT 1 "en";
    .port_info 3 /INPUT 32 "PCNext";
    .port_info 4 /OUTPUT 32 "PC";
v0x61899a3e19a0_0 .var "PC", 31 0;
v0x61899a3e1a80_0 .net "PCNext", 31 0, L_0x61899a3e9fa0;  alias, 1 drivers
v0x61899a3e1b70_0 .net "clk", 0 0, v0x61899a3e9790_0;  alias, 1 drivers
v0x61899a3e1c40_0 .net "en", 0 0, L_0x61899a3ea0d0;  1 drivers
v0x61899a3e1ce0_0 .net "reset", 0 0, v0x61899a3e9830_0;  alias, 1 drivers
S_0x61899a3e1e50 .scope module, "resmux" "mux4" 5 106, 19 1 0, S_0x61899a3d4fa0;
 .timescale -9 -12;
    .port_info 0 /INPUT 32 "d0";
    .port_info 1 /INPUT 32 "d1";
    .port_info 2 /INPUT 32 "d2";
    .port_info 3 /INPUT 32 "d3";
    .port_info 4 /INPUT 2 "s";
    .port_info 5 /OUTPUT 32 "y";
P_0x61899a3e1fe0 .param/l "WIDTH" 0 19 1, +C4<00000000000000000000000000100000>;
L_0x7a7688786408 .functor BUFT 1, C4<00>, C4<0>, C4<0>, C4<0>;
v0x61899a3e21f0_0 .net/2u *"_ivl_0", 1 0, L_0x7a7688786408;  1 drivers
v0x61899a3e22f0_0 .net *"_ivl_10", 0 0, L_0x61899a3fc860;  1 drivers
v0x61899a3e23b0_0 .net *"_ivl_12", 31 0, L_0x61899a3fc950;  1 drivers
v0x61899a3e24a0_0 .net *"_ivl_14", 31 0, L_0x61899a3fca40;  1 drivers
v0x61899a3e2580_0 .net *"_ivl_2", 0 0, L_0x61899a3fc5c0;  1 drivers
L_0x7a7688786450 .functor BUFT 1, C4<01>, C4<0>, C4<0>, C4<0>;
v0x61899a3e2690_0 .net/2u *"_ivl_4", 1 0, L_0x7a7688786450;  1 drivers
v0x61899a3e2770_0 .net *"_ivl_6", 0 0, L_0x61899a3fc6b0;  1 drivers
L_0x7a7688786498 .functor BUFT 1, C4<10>, C4<0>, C4<0>, C4<0>;
v0x61899a3e2830_0 .net/2u *"_ivl_8", 1 0, L_0x7a7688786498;  1 drivers
v0x61899a3e2910_0 .net "d0", 31 0, v0x61899a3df6a0_0;  alias, 1 drivers
v0x61899a3e29d0_0 .net "d1", 31 0, v0x61899a3dfdc0_0;  alias, 1 drivers
v0x61899a3e2aa0_0 .net "d2", 31 0, v0x61899a3df9d0_0;  alias, 1 drivers
v0x61899a3e2b70_0 .net "d3", 31 0, v0x61899a3df850_0;  alias, 1 drivers
v0x61899a3e2c40_0 .net "s", 1 0, v0x61899a3e0090_0;  alias, 1 drivers
v0x61899a3e2d10_0 .net "y", 31 0, L_0x61899a3fcb80;  alias, 1 drivers
L_0x61899a3fc5c0 .cmp/eq 2, v0x61899a3e0090_0, L_0x7a7688786408;
L_0x61899a3fc6b0 .cmp/eq 2, v0x61899a3e0090_0, L_0x7a7688786450;
L_0x61899a3fc860 .cmp/eq 2, v0x61899a3e0090_0, L_0x7a7688786498;
L_0x61899a3fc950 .functor MUXZ 32, v0x61899a3df850_0, v0x61899a3df9d0_0, L_0x61899a3fc860, C4<>;
L_0x61899a3fca40 .functor MUXZ 32, L_0x61899a3fc950, v0x61899a3dfdc0_0, L_0x61899a3fc6b0, C4<>;
L_0x61899a3fcb80 .functor MUXZ 32, L_0x61899a3fca40, v0x61899a3df6a0_0, L_0x61899a3fc5c0, C4<>;
S_0x61899a3e2eb0 .scope module, "rf" "regfile" 5 39, 20 1 0, S_0x61899a3d4fa0;
 .timescale -9 -12;
    .port_info 0 /INPUT 1 "clk";
    .port_info 1 /INPUT 1 "WE3";
    .port_info 2 /INPUT 5 "A1";
    .port_info 3 /INPUT 5 "A2";
    .port_info 4 /INPUT 5 "A3";
    .port_info 5 /INPUT 32 "WD3";
    .port_info 6 /OUTPUT 32 "RD1";
    .port_info 7 /OUTPUT 32 "RD2";
v0x61899a3e31b0_0 .net "A1", 4 0, L_0x61899a3fae50;  1 drivers
v0x61899a3e32b0_0 .net "A2", 4 0, L_0x61899a3faef0;  1 drivers
v0x61899a3e3390_0 .net "A3", 4 0, v0x61899a3dfba0_0;  alias, 1 drivers
v0x61899a3e3480_0 .net "RD1", 31 0, L_0x61899a3fa780;  alias, 1 drivers
v0x61899a3e3540_0 .net "RD2", 31 0, L_0x61899a3fac70;  alias, 1 drivers
v0x61899a3e3630_0 .net "WD3", 31 0, L_0x61899a3fcb80;  alias, 1 drivers
v0x61899a3e36d0_0 .net "WE3", 0 0, v0x61899a3dff20_0;  alias, 1 drivers
L_0x7a76887860a8 .functor BUFT 1, C4<00000>, C4<0>, C4<0>, C4<0>;
v0x61899a3e37c0_0 .net/2u *"_ivl_0", 4 0, L_0x7a76887860a8;  1 drivers
L_0x7a7688786138 .functor BUFT 1, C4<00000000000000000000000000000000>, C4<0>, C4<0>, C4<0>;
v0x61899a3e38a0_0 .net/2u *"_ivl_10", 31 0, L_0x7a7688786138;  1 drivers
L_0x7a7688786180 .functor BUFT 1, C4<00000>, C4<0>, C4<0>, C4<0>;
v0x61899a3e3980_0 .net/2u *"_ivl_14", 4 0, L_0x7a7688786180;  1 drivers
v0x61899a3e3a60_0 .net *"_ivl_16", 0 0, L_0x61899a3fa910;  1 drivers
v0x61899a3e3b20_0 .net *"_ivl_18", 31 0, L_0x61899a3faa00;  1 drivers
v0x61899a3e3c00_0 .net *"_ivl_2", 0 0, L_0x61899a3fa4b0;  1 drivers
v0x61899a3e3cc0_0 .net *"_ivl_20", 6 0, L_0x61899a3faae0;  1 drivers
L_0x7a76887861c8 .functor BUFT 1, C4<00>, C4<0>, C4<0>, C4<0>;
v0x61899a3e3da0_0 .net *"_ivl_23", 1 0, L_0x7a76887861c8;  1 drivers
L_0x7a7688786210 .functor BUFT 1, C4<00000000000000000000000000000000>, C4<0>, C4<0>, C4<0>;
v0x61899a3e3e80_0 .net/2u *"_ivl_24", 31 0, L_0x7a7688786210;  1 drivers
v0x61899a3e3f60_0 .net *"_ivl_4", 31 0, L_0x61899a3fa550;  1 drivers
v0x61899a3e4150_0 .net *"_ivl_6", 6 0, L_0x61899a3fa5f0;  1 drivers
L_0x7a76887860f0 .functor BUFT 1, C4<00>, C4<0>, C4<0>, C4<0>;
v0x61899a3e4230_0 .net *"_ivl_9", 1 0, L_0x7a76887860f0;  1 drivers
v0x61899a3e4310_0 .net "clk", 0 0, v0x61899a3e9790_0;  alias, 1 drivers
v0x61899a3e43b0 .array "rf", 0 31, 31 0;
L_0x61899a3fa4b0 .cmp/ne 5, L_0x61899a3fae50, L_0x7a76887860a8;
L_0x61899a3fa550 .array/port v0x61899a3e43b0, L_0x61899a3fa5f0;
L_0x61899a3fa5f0 .concat [ 5 2 0 0], L_0x61899a3fae50, L_0x7a76887860f0;
L_0x61899a3fa780 .functor MUXZ 32, L_0x7a7688786138, L_0x61899a3fa550, L_0x61899a3fa4b0, C4<>;
L_0x61899a3fa910 .cmp/ne 5, L_0x61899a3faef0, L_0x7a7688786180;
L_0x61899a3faa00 .array/port v0x61899a3e43b0, L_0x61899a3faae0;
L_0x61899a3faae0 .concat [ 5 2 0 0], L_0x61899a3faef0, L_0x7a76887861c8;
L_0x61899a3fac70 .functor MUXZ 32, L_0x7a7688786210, L_0x61899a3faa00, L_0x61899a3fa910, C4<>;
S_0x61899a3e4570 .scope module, "srcbmux" "mux2" 5 70, 17 1 0, S_0x61899a3d4fa0;
 .timescale -9 -12;
    .port_info 0 /INPUT 32 "d0";
    .port_info 1 /INPUT 32 "d1";
    .port_info 2 /INPUT 1 "s";
    .port_info 3 /OUTPUT 32 "y";
P_0x61899a3e4700 .param/l "WIDTH" 0 17 1, +C4<00000000000000000000000000100000>;
v0x61899a3e47d0_0 .net "d0", 31 0, L_0x61899a3fbaa0;  alias, 1 drivers
v0x61899a3e4900_0 .net "d1", 31 0, v0x61899a3dc030_0;  alias, 1 drivers
v0x61899a3e49c0_0 .net "s", 0 0, v0x61899a3dbd30_0;  alias, 1 drivers
v0x61899a3e4a90_0 .net "y", 31 0, L_0x61899a3fbc50;  alias, 1 drivers
L_0x61899a3fbc50 .functor MUXZ 32, L_0x61899a3fbaa0, v0x61899a3dc030_0, v0x61899a3dbd30_0, C4<>;
    .scope S_0x61899a3c15f0;
T_0 ;
    %wait E_0x61899a326ad0;
    %pushi/vec4 0, 0, 1;
    %store/vec4 v0x61899a3d47c0_0, 0, 1;
    %pushi/vec4 0, 0, 3;
    %store/vec4 v0x61899a3b1000_0, 0, 3;
    %pushi/vec4 0, 0, 1;
    %store/vec4 v0x61899a353d40_0, 0, 1;
    %pushi/vec4 0, 0, 1;
    %store/vec4 v0x61899a3d4700_0, 0, 1;
    %pushi/vec4 0, 0, 2;
    %store/vec4 v0x61899a3d4880_0, 0, 2;
    %pushi/vec4 0, 0, 1;
    %store/vec4 v0x61899a3d4580_0, 0, 1;
    %pushi/vec4 0, 0, 1;
    %store/vec4 v0x61899a3d4640_0, 0, 1;
    %pushi/vec4 0, 0, 2;
    %store/vec4 v0x61899a3bcf20_0, 0, 2;
    %load/vec4 v0x61899a3d4d60_0;
    %dup/vec4;
    %pushi/vec4 3, 0, 7;
    %cmp/u;
    %jmp/1 T_0.0, 6;
    %dup/vec4;
    %pushi/vec4 35, 0, 7;
    %cmp/u;
    %jmp/1 T_0.1, 6;
    %dup/vec4;
    %pushi/vec4 51, 0, 7;
    %cmp/u;
    %jmp/1 T_0.2, 6;
    %dup/vec4;
    %pushi/vec4 99, 0, 7;
    %cmp/u;
    %jmp/1 T_0.3, 6;
    %dup/vec4;
    %pushi/vec4 19, 0, 7;
    %cmp/u;
    %jmp/1 T_0.4, 6;
    %dup/vec4;
    %pushi/vec4 111, 0, 7;
    %cmp/u;
    %jmp/1 T_0.5, 6;
    %dup/vec4;
    %pushi/vec4 55, 0, 7;
    %cmp/u;
    %jmp/1 T_0.6, 6;
    %jmp T_0.7;
T_0.0 ;
    %pushi/vec4 1, 0, 1;
    %store/vec4 v0x61899a3d47c0_0, 0, 1;
    %pushi/vec4 0, 0, 3;
    %store/vec4 v0x61899a3b1000_0, 0, 3;
    %pushi/vec4 1, 0, 1;
    %store/vec4 v0x61899a353d40_0, 0, 1;
    %pushi/vec4 0, 0, 1;
    %store/vec4 v0x61899a3d4700_0, 0, 1;
    %pushi/vec4 1, 0, 2;
    %store/vec4 v0x61899a3d4880_0, 0, 2;
    %jmp T_0.7;
T_0.1 ;
    %pushi/vec4 0, 0, 1;
    %store/vec4 v0x61899a3d47c0_0, 0, 1;
    %pushi/vec4 1, 0, 3;
    %store/vec4 v0x61899a3b1000_0, 0, 3;
    %pushi/vec4 1, 0, 1;
    %store/vec4 v0x61899a353d40_0, 0, 1;
    %pushi/vec4 1, 0, 1;
    %store/vec4 v0x61899a3d4700_0, 0, 1;
    %pushi/vec4 0, 0, 2;
    %store/vec4 v0x61899a3d4880_0, 0, 2;
    %jmp T_0.7;
T_0.2 ;
    %pushi/vec4 1, 0, 1;
    %store/vec4 v0x61899a3d47c0_0, 0, 1;
    %pushi/vec4 0, 0, 3;
    %store/vec4 v0x61899a3b1000_0, 0, 3;
    %pushi/vec4 0, 0, 1;
    %store/vec4 v0x61899a353d40_0, 0, 1;
    %pushi/vec4 0, 0, 1;
    %store/vec4 v0x61899a3d4700_0, 0, 1;
    %pushi/vec4 0, 0, 2;
    %store/vec4 v0x61899a3d4880_0, 0, 2;
    %pushi/vec4 2, 0, 2;
    %store/vec4 v0x61899a3bcf20_0, 0, 2;
    %jmp T_0.7;
T_0.3 ;
    %pushi/vec4 0, 0, 1;
    %store/vec4 v0x61899a3d47c0_0, 0, 1;
    %pushi/vec4 2, 0, 3;
    %store/vec4 v0x61899a3b1000_0, 0, 3;
    %pushi/vec4 0, 0, 1;
    %store/vec4 v0x61899a353d40_0, 0, 1;
    %pushi/vec4 0, 0, 1;
    %store/vec4 v0x61899a3d4700_0, 0, 1;
    %pushi/vec4 0, 0, 2;
    %store/vec4 v0x61899a3d4880_0, 0, 2;
    %pushi/vec4 1, 0, 1;
    %store/vec4 v0x61899a3d4580_0, 0, 1;
    %pushi/vec4 1, 0, 2;
    %store/vec4 v0x61899a3bcf20_0, 0, 2;
    %jmp T_0.7;
T_0.4 ;
    %pushi/vec4 1, 0, 1;
    %store/vec4 v0x61899a3d47c0_0, 0, 1;
    %pushi/vec4 0, 0, 3;
    %store/vec4 v0x61899a3b1000_0, 0, 3;
    %pushi/vec4 1, 0, 1;
    %store/vec4 v0x61899a353d40_0, 0, 1;
    %pushi/vec4 0, 0, 1;
    %store/vec4 v0x61899a3d4700_0, 0, 1;
    %pushi/vec4 0, 0, 2;
    %store/vec4 v0x61899a3d4880_0, 0, 2;
    %pushi/vec4 2, 0, 2;
    %store/vec4 v0x61899a3bcf20_0, 0, 2;
    %jmp T_0.7;
T_0.5 ;
    %pushi/vec4 1, 0, 1;
    %store/vec4 v0x61899a3d47c0_0, 0, 1;
    %pushi/vec4 3, 0, 3;
    %store/vec4 v0x61899a3b1000_0, 0, 3;
    %pushi/vec4 0, 0, 1;
    %store/vec4 v0x61899a353d40_0, 0, 1;
    %pushi/vec4 0, 0, 1;
    %store/vec4 v0x61899a3d4700_0, 0, 1;
    %pushi/vec4 2, 0, 2;
    %store/vec4 v0x61899a3d4880_0, 0, 2;
    %pushi/vec4 1, 0, 1;
    %store/vec4 v0x61899a3d4640_0, 0, 1;
    %jmp T_0.7;
T_0.6 ;
    %pushi/vec4 1, 0, 1;
    %store/vec4 v0x61899a3d47c0_0, 0, 1;
    %pushi/vec4 4, 0, 3;
    %store/vec4 v0x61899a3b1000_0, 0, 3;
    %pushi/vec4 0, 0, 1;
    %store/vec4 v0x61899a353d40_0, 0, 1;
    %pushi/vec4 0, 0, 1;
    %store/vec4 v0x61899a3d4700_0, 0, 1;
    %pushi/vec4 3, 0, 2;
    %store/vec4 v0x61899a3d4880_0, 0, 2;
    %jmp T_0.7;
T_0.7 ;
    %pop/vec4 1;
    %jmp T_0;
    .thread T_0, $push;
    .scope S_0x61899a3c15f0;
T_1 ;
    %wait E_0x61899a3267c0;
    %load/vec4 v0x61899a3bcf20_0;
    %dup/vec4;
    %pushi/vec4 0, 0, 2;
    %cmp/u;
    %jmp/1 T_1.0, 6;
    %dup/vec4;
    %pushi/vec4 1, 0, 2;
    %cmp/u;
    %jmp/1 T_1.1, 6;
    %dup/vec4;
    %pushi/vec4 2, 0, 2;
    %cmp/u;
    %jmp/1 T_1.2, 6;
    %pushi/vec4 0, 0, 3;
    %store/vec4 v0x61899a3bce80_0, 0, 3;
    %jmp T_1.4;
T_1.0 ;
    %pushi/vec4 0, 0, 3;
    %store/vec4 v0x61899a3bce80_0, 0, 3;
    %jmp T_1.4;
T_1.1 ;
    %pushi/vec4 1, 0, 3;
    %store/vec4 v0x61899a3bce80_0, 0, 3;
    %jmp T_1.4;
T_1.2 ;
    %load/vec4 v0x61899a3d4bc0_0;
    %dup/vec4;
    %pushi/vec4 0, 0, 3;
    %cmp/u;
    %jmp/1 T_1.5, 6;
    %dup/vec4;
    %pushi/vec4 2, 0, 3;
    %cmp/u;
    %jmp/1 T_1.6, 6;
    %dup/vec4;
    %pushi/vec4 6, 0, 3;
    %cmp/u;
    %jmp/1 T_1.7, 6;
    %dup/vec4;
    %pushi/vec4 7, 0, 3;
    %cmp/u;
    %jmp/1 T_1.8, 6;
    %pushi/vec4 0, 0, 3;
    %store/vec4 v0x61899a3bce80_0, 0, 3;
    %jmp T_1.10;
T_1.5 ;
    %load/vec4 v0x61899a3d4d60_0;
    %parti/s 1, 5, 4;
    %load/vec4 v0x61899a3d4ca0_0;
    %concat/vec4; draw_concat_vec4
    %cmpi/e 3, 0, 2;
    %jmp/0xz  T_1.11, 4;
    %pushi/vec4 1, 0, 3;
    %store/vec4 v0x61899a3bce80_0, 0, 3;
    %jmp T_1.12;
T_1.11 ;
    %pushi/vec4 0, 0, 3;
    %store/vec4 v0x61899a3bce80_0, 0, 3;
T_1.12 ;
    %jmp T_1.10;
T_1.6 ;
    %pushi/vec4 5, 0, 3;
    %store/vec4 v0x61899a3bce80_0, 0, 3;
    %jmp T_1.10;
T_1.7 ;
    %pushi/vec4 3, 0, 3;
    %store/vec4 v0x61899a3bce80_0, 0, 3;
    %jmp T_1.10;
T_1.8 ;
    %pushi/vec4 2, 0, 3;
    %store/vec4 v0x61899a3bce80_0, 0, 3;
    %jmp T_1.10;
T_1.10 ;
    %pop/vec4 1;
    %jmp T_1.4;
T_1.4 ;
    %pop/vec4 1;
    %jmp T_1;
    .thread T_1, $push;
    .scope S_0x61899a3e1740;
T_2 ;
    %wait E_0x61899a3c5100;
    %load/vec4 v0x61899a3e1ce0_0;
    %flag_set/vec4 8;
    %jmp/0xz  T_2.0, 8;
    %pushi/vec4 0, 0, 32;
    %assign/vec4 v0x61899a3e19a0_0, 0;
    %jmp T_2.1;
T_2.0 ;
    %load/vec4 v0x61899a3e1c40_0;
    %flag_set/vec4 8;
    %jmp/0xz  T_2.2, 8;
    %load/vec4 v0x61899a3e1a80_0;
    %assign/vec4 v0x61899a3e19a0_0, 0;
T_2.2 ;
T_2.1 ;
    %jmp T_2;
    .thread T_2;
    .scope S_0x61899a3de880;
T_3 ;
    %vpi_call 14 6 "$readmemh", "mem/program.hex", v0x61899a3deba0 {0 0 0};
    %end;
    .thread T_3;
    .scope S_0x61899a3ddba0;
T_4 ;
    %wait E_0x61899a3c5100;
    %load/vec4 v0x61899a3de640_0;
    %flag_set/vec4 8;
    %jmp/0xz  T_4.0, 8;
    %pushi/vec4 0, 0, 32;
    %assign/vec4 v0x61899a3de1a0_0, 0;
    %pushi/vec4 0, 0, 32;
    %assign/vec4 v0x61899a3de260_0, 0;
    %pushi/vec4 0, 0, 32;
    %assign/vec4 v0x61899a3de0e0_0, 0;
    %jmp T_4.1;
T_4.0 ;
    %load/vec4 v0x61899a3dde80_0;
    %flag_set/vec4 8;
    %jmp/0xz  T_4.2, 8;
    %pushi/vec4 0, 0, 32;
    %assign/vec4 v0x61899a3de1a0_0, 0;
    %pushi/vec4 0, 0, 32;
    %assign/vec4 v0x61899a3de260_0, 0;
    %pushi/vec4 0, 0, 32;
    %assign/vec4 v0x61899a3de0e0_0, 0;
    %jmp T_4.3;
T_4.2 ;
    %load/vec4 v0x61899a3de010_0;
    %flag_set/vec4 8;
    %jmp/0xz  T_4.4, 8;
    %load/vec4 v0x61899a3de3f0_0;
    %assign/vec4 v0x61899a3de1a0_0, 0;
    %load/vec4 v0x61899a3de4d0_0;
    %assign/vec4 v0x61899a3de260_0, 0;
    %load/vec4 v0x61899a3de330_0;
    %assign/vec4 v0x61899a3de0e0_0, 0;
T_4.4 ;
T_4.3 ;
T_4.1 ;
    %jmp T_4;
    .thread T_4;
    .scope S_0x61899a3e2eb0;
T_5 ;
    %wait E_0x61899a30fb30;
    %load/vec4 v0x61899a3e36d0_0;
    %flag_set/vec4 8;
    %jmp/0xz  T_5.0, 8;
    %load/vec4 v0x61899a3e3630_0;
    %load/vec4 v0x61899a3e3390_0;
    %pad/u 7;
    %ix/vec4 3;
    %ix/load 4, 0, 0; Constant delay
    %assign/vec4/a/d v0x61899a3e43b0, 0, 4;
T_5.0 ;
    %jmp T_5;
    .thread T_5;
    .scope S_0x61899a3d7c30;
T_6 ;
    %wait E_0x61899a3d7e30;
    %load/vec4 v0x61899a3d7f10_0;
    %dup/vec4;
    %pushi/vec4 0, 0, 3;
    %cmp/u;
    %jmp/1 T_6.0, 6;
    %dup/vec4;
    %pushi/vec4 1, 0, 3;
    %cmp/u;
    %jmp/1 T_6.1, 6;
    %dup/vec4;
    %pushi/vec4 2, 0, 3;
    %cmp/u;
    %jmp/1 T_6.2, 6;
    %dup/vec4;
    %pushi/vec4 3, 0, 3;
    %cmp/u;
    %jmp/1 T_6.3, 6;
    %dup/vec4;
    %pushi/vec4 4, 0, 3;
    %cmp/u;
    %jmp/1 T_6.4, 6;
    %pushi/vec4 0, 0, 32;
    %store/vec4 v0x61899a3d6780_0, 0, 32;
    %jmp T_6.6;
T_6.0 ;
    %load/vec4 v0x61899a3d8000_0;
    %parti/s 1, 24, 6;
    %replicate 20;
    %load/vec4 v0x61899a3d8000_0;
    %parti/s 12, 13, 5;
    %concat/vec4; draw_concat_vec4
    %store/vec4 v0x61899a3d6780_0, 0, 32;
    %jmp T_6.6;
T_6.1 ;
    %load/vec4 v0x61899a3d8000_0;
    %parti/s 1, 24, 6;
    %replicate 20;
    %load/vec4 v0x61899a3d8000_0;
    %parti/s 7, 18, 6;
    %concat/vec4; draw_concat_vec4
    %load/vec4 v0x61899a3d8000_0;
    %parti/s 5, 0, 2;
    %concat/vec4; draw_concat_vec4
    %store/vec4 v0x61899a3d6780_0, 0, 32;
    %jmp T_6.6;
T_6.2 ;
    %load/vec4 v0x61899a3d8000_0;
    %parti/s 1, 24, 6;
    %replicate 20;
    %load/vec4 v0x61899a3d8000_0;
    %parti/s 1, 0, 2;
    %concat/vec4; draw_concat_vec4
    %load/vec4 v0x61899a3d8000_0;
    %parti/s 6, 18, 6;
    %concat/vec4; draw_concat_vec4
    %load/vec4 v0x61899a3d8000_0;
    %parti/s 4, 1, 2;
    %concat/vec4; draw_concat_vec4
    %concati/vec4 0, 0, 1;
    %store/vec4 v0x61899a3d6780_0, 0, 32;
    %jmp T_6.6;
T_6.3 ;
    %load/vec4 v0x61899a3d8000_0;
    %parti/s 1, 24, 6;
    %replicate 12;
    %load/vec4 v0x61899a3d8000_0;
    %parti/s 8, 5, 4;
    %concat/vec4; draw_concat_vec4
    %load/vec4 v0x61899a3d8000_0;
    %parti/s 1, 13, 5;
    %concat/vec4; draw_concat_vec4
    %load/vec4 v0x61899a3d8000_0;
    %parti/s 10, 14, 5;
    %concat/vec4; draw_concat_vec4
    %concati/vec4 0, 0, 1;
    %store/vec4 v0x61899a3d6780_0, 0, 32;
    %jmp T_6.6;
T_6.4 ;
    %load/vec4 v0x61899a3d8000_0;
    %parti/s 20, 5, 4;
    %concati/vec4 0, 0, 12;
    %store/vec4 v0x61899a3d6780_0, 0, 32;
    %jmp T_6.6;
T_6.6 ;
    %pop/vec4 1;
    %jmp T_6;
    .thread T_6, $push;
    .scope S_0x61899a3db490;
T_7 ;
    %wait E_0x61899a3c5100;
    %load/vec4 v0x61899a3dd530_0;
    %flag_set/vec4 8;
    %jmp/0xz  T_7.0, 8;
    %pushi/vec4 0, 0, 1;
    %assign/vec4 v0x61899a3dcdb0_0, 0;
    %pushi/vec4 0, 0, 1;
    %assign/vec4 v0x61899a3dc340_0, 0;
    %pushi/vec4 0, 0, 1;
    %assign/vec4 v0x61899a3dc1d0_0, 0;
    %pushi/vec4 0, 0, 1;
    %assign/vec4 v0x61899a3dbec0_0, 0;
    %pushi/vec4 0, 0, 1;
    %assign/vec4 v0x61899a3dbd30_0, 0;
    %pushi/vec4 0, 0, 2;
    %assign/vec4 v0x61899a3dcf50_0, 0;
    %pushi/vec4 0, 0, 3;
    %assign/vec4 v0x61899a3dbb60_0, 0;
    %pushi/vec4 0, 0, 32;
    %assign/vec4 v0x61899a3dc8f0_0, 0;
    %pushi/vec4 0, 0, 32;
    %assign/vec4 v0x61899a3dcaa0_0, 0;
    %pushi/vec4 0, 0, 32;
    %assign/vec4 v0x61899a3dc4b0_0, 0;
    %pushi/vec4 0, 0, 32;
    %assign/vec4 v0x61899a3dc030_0, 0;
    %pushi/vec4 0, 0, 32;
    %assign/vec4 v0x61899a3dc630_0, 0;
    %pushi/vec4 0, 0, 5;
    %assign/vec4 v0x61899a3dd100_0, 0;
    %pushi/vec4 0, 0, 5;
    %assign/vec4 v0x61899a3dd280_0, 0;
    %pushi/vec4 0, 0, 5;
    %assign/vec4 v0x61899a3dcc50_0, 0;
    %jmp T_7.1;
T_7.0 ;
    %load/vec4 v0x61899a3dd370_0;
    %flag_set/vec4 8;
    %jmp/0xz  T_7.2, 8;
    %pushi/vec4 0, 0, 1;
    %assign/vec4 v0x61899a3dcdb0_0, 0;
    %pushi/vec4 0, 0, 1;
    %assign/vec4 v0x61899a3dc340_0, 0;
    %pushi/vec4 0, 0, 1;
    %assign/vec4 v0x61899a3dc1d0_0, 0;
    %pushi/vec4 0, 0, 1;
    %assign/vec4 v0x61899a3dbec0_0, 0;
    %pushi/vec4 0, 0, 1;
    %assign/vec4 v0x61899a3dbd30_0, 0;
    %pushi/vec4 0, 0, 2;
    %assign/vec4 v0x61899a3dcf50_0, 0;
    %pushi/vec4 0, 0, 3;
    %assign/vec4 v0x61899a3dbb60_0, 0;
    %pushi/vec4 0, 0, 32;
    %assign/vec4 v0x61899a3dc8f0_0, 0;
    %pushi/vec4 0, 0, 32;
    %assign/vec4 v0x61899a3dcaa0_0, 0;
    %pushi/vec4 0, 0, 32;
    %assign/vec4 v0x61899a3dc4b0_0, 0;
    %pushi/vec4 0, 0, 32;
    %assign/vec4 v0x61899a3dc030_0, 0;
    %pushi/vec4 0, 0, 32;
    %assign/vec4 v0x61899a3dc630_0, 0;
    %pushi/vec4 0, 0, 5;
    %assign/vec4 v0x61899a3dd100_0, 0;
    %pushi/vec4 0, 0, 5;
    %assign/vec4 v0x61899a3dd280_0, 0;
    %pushi/vec4 0, 0, 5;
    %assign/vec4 v0x61899a3dcc50_0, 0;
    %jmp T_7.3;
T_7.2 ;
    %load/vec4 v0x61899a3dcd10_0;
    %assign/vec4 v0x61899a3dcdb0_0, 0;
    %load/vec4 v0x61899a3dc270_0;
    %assign/vec4 v0x61899a3dc340_0, 0;
    %load/vec4 v0x61899a3dc100_0;
    %assign/vec4 v0x61899a3dc1d0_0, 0;
    %load/vec4 v0x61899a3dbdd0_0;
    %assign/vec4 v0x61899a3dbec0_0, 0;
    %load/vec4 v0x61899a3dbc30_0;
    %assign/vec4 v0x61899a3dbd30_0, 0;
    %load/vec4 v0x61899a3dce80_0;
    %assign/vec4 v0x61899a3dcf50_0, 0;
    %load/vec4 v0x61899a3dba50_0;
    %assign/vec4 v0x61899a3dbb60_0, 0;
    %load/vec4 v0x61899a3dc720_0;
    %assign/vec4 v0x61899a3dc8f0_0, 0;
    %load/vec4 v0x61899a3dc9e0_0;
    %assign/vec4 v0x61899a3dcaa0_0, 0;
    %load/vec4 v0x61899a3dc410_0;
    %assign/vec4 v0x61899a3dc4b0_0, 0;
    %load/vec4 v0x61899a3dbf60_0;
    %assign/vec4 v0x61899a3dc030_0, 0;
    %load/vec4 v0x61899a3dc550_0;
    %assign/vec4 v0x61899a3dc630_0, 0;
    %load/vec4 v0x61899a3dd040_0;
    %assign/vec4 v0x61899a3dd100_0, 0;
    %load/vec4 v0x61899a3dd1c0_0;
    %assign/vec4 v0x61899a3dd280_0, 0;
    %load/vec4 v0x61899a3dcb90_0;
    %assign/vec4 v0x61899a3dcc50_0, 0;
T_7.3 ;
T_7.1 ;
    %jmp T_7;
    .thread T_7;
    .scope S_0x61899a3d5150;
T_8 ;
    %wait E_0x61899a326f20;
    %load/vec4 v0x61899a3d53f0_0;
    %dup/vec4;
    %pushi/vec4 0, 0, 3;
    %cmp/u;
    %jmp/1 T_8.0, 6;
    %dup/vec4;
    %pushi/vec4 1, 0, 3;
    %cmp/u;
    %jmp/1 T_8.1, 6;
    %dup/vec4;
    %pushi/vec4 2, 0, 3;
    %cmp/u;
    %jmp/1 T_8.2, 6;
    %dup/vec4;
    %pushi/vec4 3, 0, 3;
    %cmp/u;
    %jmp/1 T_8.3, 6;
    %dup/vec4;
    %pushi/vec4 5, 0, 3;
    %cmp/u;
    %jmp/1 T_8.4, 6;
    %pushi/vec4 0, 0, 32;
    %store/vec4 v0x61899a3d54f0_0, 0, 32;
    %jmp T_8.6;
T_8.0 ;
    %load/vec4 v0x61899a3d55d0_0;
    %load/vec4 v0x61899a3d5690_0;
    %add;
    %store/vec4 v0x61899a3d54f0_0, 0, 32;
    %jmp T_8.6;
T_8.1 ;
    %load/vec4 v0x61899a3d55d0_0;
    %load/vec4 v0x61899a3d5690_0;
    %sub;
    %store/vec4 v0x61899a3d54f0_0, 0, 32;
    %jmp T_8.6;
T_8.2 ;
    %load/vec4 v0x61899a3d55d0_0;
    %load/vec4 v0x61899a3d5690_0;
    %and;
    %store/vec4 v0x61899a3d54f0_0, 0, 32;
    %jmp T_8.6;
T_8.3 ;
    %load/vec4 v0x61899a3d55d0_0;
    %load/vec4 v0x61899a3d5690_0;
    %or;
    %store/vec4 v0x61899a3d54f0_0, 0, 32;
    %jmp T_8.6;
T_8.4 ;
    %load/vec4 v0x61899a3d55d0_0;
    %load/vec4 v0x61899a3d5690_0;
    %cmp/u;
    %flag_mov 8, 5;
    %jmp/0 T_8.7, 8;
    %pushi/vec4 1, 0, 32;
    %jmp/1 T_8.8, 8;
T_8.7 ; End of true expr.
    %pushi/vec4 0, 0, 32;
    %jmp/0 T_8.8, 8;
 ; End of false expr.
    %blend;
T_8.8;
    %store/vec4 v0x61899a3d54f0_0, 0, 32;
    %jmp T_8.6;
T_8.6 ;
    %pop/vec4 1;
    %jmp T_8;
    .thread T_8, $push;
    .scope S_0x61899a3d65f0;
T_9 ;
    %wait E_0x61899a3c5100;
    %load/vec4 v0x61899a3d78d0_0;
    %flag_set/vec4 8;
    %jmp/0xz  T_9.0, 8;
    %pushi/vec4 0, 0, 1;
    %assign/vec4 v0x61899a3d72d0_0, 0;
    %pushi/vec4 0, 0, 1;
    %assign/vec4 v0x61899a3d6e10_0, 0;
    %pushi/vec4 0, 0, 2;
    %assign/vec4 v0x61899a3d7470_0, 0;
    %pushi/vec4 0, 0, 32;
    %assign/vec4 v0x61899a3d6ae0_0, 0;
    %pushi/vec4 0, 0, 32;
    %assign/vec4 v0x61899a3d7630_0, 0;
    %pushi/vec4 0, 0, 32;
    %assign/vec4 v0x61899a3d6c20_0, 0;
    %pushi/vec4 0, 0, 32;
    %assign/vec4 v0x61899a3d6f70_0, 0;
    %pushi/vec4 0, 0, 5;
    %assign/vec4 v0x61899a3d7130_0, 0;
    %jmp T_9.1;
T_9.0 ;
    %load/vec4 v0x61899a3d7210_0;
    %assign/vec4 v0x61899a3d72d0_0, 0;
    %load/vec4 v0x61899a3d6d00_0;
    %assign/vec4 v0x61899a3d6e10_0, 0;
    %load/vec4 v0x61899a3d7390_0;
    %assign/vec4 v0x61899a3d7470_0, 0;
    %load/vec4 v0x61899a3d6a00_0;
    %assign/vec4 v0x61899a3d6ae0_0, 0;
    %load/vec4 v0x61899a3d7550_0;
    %assign/vec4 v0x61899a3d7630_0, 0;
    %load/vec4 v0x61899a3d6b80_0;
    %assign/vec4 v0x61899a3d6c20_0, 0;
    %load/vec4 v0x61899a3d6eb0_0;
    %assign/vec4 v0x61899a3d6f70_0, 0;
    %load/vec4 v0x61899a3d7050_0;
    %assign/vec4 v0x61899a3d7130_0, 0;
T_9.1 ;
    %jmp T_9;
    .thread T_9;
    .scope S_0x61899a3d5a00;
T_10 ;
    %wait E_0x61899a30fb30;
    %load/vec4 v0x61899a3d6000_0;
    %flag_set/vec4 8;
    %jmp/0xz  T_10.0, 8;
    %load/vec4 v0x61899a3d5f20_0;
    %load/vec4 v0x61899a3d5ca0_0;
    %parti/s 6, 2, 3;
    %pad/u 8;
    %ix/vec4 3;
    %ix/load 4, 0, 0; Constant delay
    %assign/vec4/a/d v0x61899a3d5da0, 0, 4;
T_10.0 ;
    %jmp T_10;
    .thread T_10;
    .scope S_0x61899a3df150;
T_11 ;
    %wait E_0x61899a3c5100;
    %load/vec4 v0x61899a3e0280_0;
    %flag_set/vec4 8;
    %jmp/0xz  T_11.0, 8;
    %pushi/vec4 0, 0, 1;
    %assign/vec4 v0x61899a3dff20_0, 0;
    %pushi/vec4 0, 0, 2;
    %assign/vec4 v0x61899a3e0090_0, 0;
    %pushi/vec4 0, 0, 32;
    %assign/vec4 v0x61899a3df6a0_0, 0;
    %pushi/vec4 0, 0, 32;
    %assign/vec4 v0x61899a3dfdc0_0, 0;
    %pushi/vec4 0, 0, 32;
    %assign/vec4 v0x61899a3df850_0, 0;
    %pushi/vec4 0, 0, 32;
    %assign/vec4 v0x61899a3df9d0_0, 0;
    %pushi/vec4 0, 0, 5;
    %assign/vec4 v0x61899a3dfba0_0, 0;
    %jmp T_11.1;
T_11.0 ;
    %load/vec4 v0x61899a3dfe80_0;
    %assign/vec4 v0x61899a3dff20_0, 0;
    %load/vec4 v0x61899a3dffc0_0;
    %assign/vec4 v0x61899a3e0090_0, 0;
    %load/vec4 v0x61899a3df550_0;
    %assign/vec4 v0x61899a3df6a0_0, 0;
    %load/vec4 v0x61899a3dfc60_0;
    %assign/vec4 v0x61899a3dfdc0_0, 0;
    %load/vec4 v0x61899a3df780_0;
    %assign/vec4 v0x61899a3df850_0, 0;
    %load/vec4 v0x61899a3df910_0;
    %assign/vec4 v0x61899a3df9d0_0, 0;
    %load/vec4 v0x61899a3dfa90_0;
    %assign/vec4 v0x61899a3dfba0_0, 0;
T_11.1 ;
    %jmp T_11;
    .thread T_11;
    .scope S_0x61899a3d9a80;
T_12 ;
    %wait E_0x61899a3d9db0;
    %load/vec4 v0x61899a3da880_0;
    %load/vec4 v0x61899a3da340_0;
    %cmp/e;
    %flag_get/vec4 4;
    %load/vec4 v0x61899a3da4d0_0;
    %and;
    %load/vec4 v0x61899a3da880_0;
    %pushi/vec4 0, 0, 5;
    %cmp/ne;
    %flag_get/vec4 4;
    %and;
    %flag_set/vec4 8;
    %jmp/0xz  T_12.0, 8;
    %pushi/vec4 2, 0, 2;
    %store/vec4 v0x61899a3d9ff0_0, 0, 2;
    %jmp T_12.1;
T_12.0 ;
    %load/vec4 v0x61899a3da880_0;
    %load/vec4 v0x61899a3da410_0;
    %cmp/e;
    %flag_get/vec4 4;
    %load/vec4 v0x61899a3da630_0;
    %and;
    %load/vec4 v0x61899a3da880_0;
    %pushi/vec4 0, 0, 5;
    %cmp/ne;
    %flag_get/vec4 4;
    %and;
    %flag_set/vec4 8;
    %jmp/0xz  T_12.2, 8;
    %pushi/vec4 1, 0, 2;
    %store/vec4 v0x61899a3d9ff0_0, 0, 2;
    %jmp T_12.3;
T_12.2 ;
    %pushi/vec4 0, 0, 2;
    %store/vec4 v0x61899a3d9ff0_0, 0, 2;
T_12.3 ;
T_12.1 ;
    %load/vec4 v0x61899a3daa40_0;
    %load/vec4 v0x61899a3da340_0;
    %cmp/e;
    %flag_get/vec4 4;
    %load/vec4 v0x61899a3da4d0_0;
    %and;
    %load/vec4 v0x61899a3daa40_0;
    %pushi/vec4 0, 0, 5;
    %cmp/ne;
    %flag_get/vec4 4;
    %and;
    %flag_set/vec4 8;
    %jmp/0xz  T_12.4, 8;
    %pushi/vec4 2, 0, 2;
    %store/vec4 v0x61899a3da0c0_0, 0, 2;
    %jmp T_12.5;
T_12.4 ;
    %load/vec4 v0x61899a3daa40_0;
    %load/vec4 v0x61899a3da410_0;
    %cmp/e;
    %flag_get/vec4 4;
    %load/vec4 v0x61899a3da630_0;
    %and;
    %load/vec4 v0x61899a3daa40_0;
    %pushi/vec4 0, 0, 5;
    %cmp/ne;
    %flag_get/vec4 4;
    %and;
    %flag_set/vec4 8;
    %jmp/0xz  T_12.6, 8;
    %pushi/vec4 1, 0, 2;
    %store/vec4 v0x61899a3da0c0_0, 0, 2;
    %jmp T_12.7;
T_12.6 ;
    %pushi/vec4 0, 0, 2;
    %store/vec4 v0x61899a3da0c0_0, 0, 2;
T_12.7 ;
T_12.5 ;
    %jmp T_12;
    .thread T_12, $push;
    .scope S_0x61899a3c19a0;
T_13 ;
    %pushi/vec4 0, 0, 1;
    %store/vec4 v0x61899a3e9790_0, 0, 1;
T_13.0 ;
    %delay 5000, 0;
    %load/vec4 v0x61899a3e9790_0;
    %inv;
    %store/vec4 v0x61899a3e9790_0, 0, 1;
    %jmp T_13.0;
    %end;
    .thread T_13;
    .scope S_0x61899a3c19a0;
T_14 ;
    %vpi_call 2 13 "$dumpfile", "riscv_pipeline.vcd" {0 0 0};
    %vpi_call 2 14 "$dumpvars", 32'sb00000000000000000000000000000000, S_0x61899a3c19a0 {0 0 0};
    %pushi/vec4 1, 0, 1;
    %store/vec4 v0x61899a3e9830_0, 0, 1;
    %delay 15000, 0;
    %pushi/vec4 0, 0, 1;
    %store/vec4 v0x61899a3e9830_0, 0, 1;
    %delay 250000, 0;
    %vpi_call 2 19 "$display", "Simulation Complete." {0 0 0};
    %vpi_call 2 20 "$finish" {0 0 0};
    %end;
    .thread T_14;
# The file index is used to find the file name in the following table.
:file_names 21;
    "N/A";
    "<interactive>";
    "tb/tb_top.v";
    "src/top.v";
    "src/control_unit.v";
    "src/datapath.v";
    "src/alu.v";
    "src/dmem.v";
    "src/ex_mem_reg.v";
    "src/extend.v";
    "src/mux3.v";
    "src/hazard_unit.v";
    "src/id_ex_reg.v";
    "src/if_id_reg.v";
    "src/imem.v";
    "src/mem_wb_reg.v";
    "src/adder.v";
    "src/mux2.v";
    "src/pc.v";
    "src/mux4.v";
    "src/regfile.v";
